../Core/Src/main.c:23:5:main	8	static
../Core/Src/main.c:52:6:GPIO_Init	32	static
../Core/Src/main.c:61:6:SystemClock_Config_HSE	96	static
../Core/Src/main.c:136:6:CAN1_Init	8	static
../Core/Src/main.c:157:6:CAN1_Tx	48	static
../Core/Src/main.c:173:6:CAN1_Rx	48	static
../Core/Src/main.c:189:6:CAN_Filter_Config	48	static
../Core/Src/main.c:208:6:HAL_CAN_TxMailbox0CompleteCallback	16	static
../Core/Src/main.c:213:6:HAL_CAN_TxMailbox1CompleteCallback	16	static
../Core/Src/main.c:218:6:HAL_CAN_TxMailbox2CompleteCallback	16	static
../Core/Src/main.c:224:6:HAL_CAN_RxFifo0MsgPendingCallback	56	static
../Core/Src/main.c:238:6:HAL_CAN_ErrorCallback	16	static
../Core/Src/main.c:244:6:Error_handler	4	static
