Archive member included to satisfy reference by file (symbol)

c:/st/stm32cubeide_1.10.1/stm32cubeide/plugins/com.st.stm32cube.ide.mcu.externaltools.gnu-tools-for-stm32.10.3-2021.10.win32_1.0.0.202111181127/tools/bin/../lib/gcc/arm-none-eabi/10.3.1/../../../../arm-none-eabi/lib/thumb/v7e-m+fp/hard\libc_nano.a(lib_a-errno.o)
                              ./Core/Src/syscalls.o (__errno)
c:/st/stm32cubeide_1.10.1/stm32cubeide/plugins/com.st.stm32cube.ide.mcu.externaltools.gnu-tools-for-stm32.10.3-2021.10.win32_1.0.0.202111181127/tools/bin/../lib/gcc/arm-none-eabi/10.3.1/../../../../arm-none-eabi/lib/thumb/v7e-m+fp/hard\libc_nano.a(lib_a-exit.o)
                              c:/st/stm32cubeide_1.10.1/stm32cubeide/plugins/com.st.stm32cube.ide.mcu.externaltools.gnu-tools-for-stm32.10.3-2021.10.win32_1.0.0.202111181127/tools/bin/../lib/gcc/arm-none-eabi/10.3.1/../../../../arm-none-eabi/lib/thumb/v7e-m+fp/hard/crt0.o (exit)
c:/st/stm32cubeide_1.10.1/stm32cubeide/plugins/com.st.stm32cube.ide.mcu.externaltools.gnu-tools-for-stm32.10.3-2021.10.win32_1.0.0.202111181127/tools/bin/../lib/gcc/arm-none-eabi/10.3.1/../../../../arm-none-eabi/lib/thumb/v7e-m+fp/hard\libc_nano.a(lib_a-impure.o)
                              c:/st/stm32cubeide_1.10.1/stm32cubeide/plugins/com.st.stm32cube.ide.mcu.externaltools.gnu-tools-for-stm32.10.3-2021.10.win32_1.0.0.202111181127/tools/bin/../lib/gcc/arm-none-eabi/10.3.1/../../../../arm-none-eabi/lib/thumb/v7e-m+fp/hard\libc_nano.a(lib_a-exit.o) (_global_impure_ptr)
c:/st/stm32cubeide_1.10.1/stm32cubeide/plugins/com.st.stm32cube.ide.mcu.externaltools.gnu-tools-for-stm32.10.3-2021.10.win32_1.0.0.202111181127/tools/bin/../lib/gcc/arm-none-eabi/10.3.1/../../../../arm-none-eabi/lib/thumb/v7e-m+fp/hard\libc_nano.a(lib_a-init.o)
                              c:/st/stm32cubeide_1.10.1/stm32cubeide/plugins/com.st.stm32cube.ide.mcu.externaltools.gnu-tools-for-stm32.10.3-2021.10.win32_1.0.0.202111181127/tools/bin/../lib/gcc/arm-none-eabi/10.3.1/../../../../arm-none-eabi/lib/thumb/v7e-m+fp/hard/crt0.o (__libc_init_array)
c:/st/stm32cubeide_1.10.1/stm32cubeide/plugins/com.st.stm32cube.ide.mcu.externaltools.gnu-tools-for-stm32.10.3-2021.10.win32_1.0.0.202111181127/tools/bin/../lib/gcc/arm-none-eabi/10.3.1/../../../../arm-none-eabi/lib/thumb/v7e-m+fp/hard\libc_nano.a(lib_a-memset.o)
                              c:/st/stm32cubeide_1.10.1/stm32cubeide/plugins/com.st.stm32cube.ide.mcu.externaltools.gnu-tools-for-stm32.10.3-2021.10.win32_1.0.0.202111181127/tools/bin/../lib/gcc/arm-none-eabi/10.3.1/../../../../arm-none-eabi/lib/thumb/v7e-m+fp/hard/crt0.o (memset)
c:/st/stm32cubeide_1.10.1/stm32cubeide/plugins/com.st.stm32cube.ide.mcu.externaltools.gnu-tools-for-stm32.10.3-2021.10.win32_1.0.0.202111181127/tools/bin/../lib/gcc/arm-none-eabi/10.3.1/thumb/v7e-m+fp/hard\libgcc.a(_aeabi_uldivmod.o)
                              ./Drivers/STM32F4xx_HAL_Driver/Src/stm32f4xx_hal_rcc.o (__aeabi_uldivmod)
c:/st/stm32cubeide_1.10.1/stm32cubeide/plugins/com.st.stm32cube.ide.mcu.externaltools.gnu-tools-for-stm32.10.3-2021.10.win32_1.0.0.202111181127/tools/bin/../lib/gcc/arm-none-eabi/10.3.1/thumb/v7e-m+fp/hard\libgcc.a(_udivmoddi4.o)
                              c:/st/stm32cubeide_1.10.1/stm32cubeide/plugins/com.st.stm32cube.ide.mcu.externaltools.gnu-tools-for-stm32.10.3-2021.10.win32_1.0.0.202111181127/tools/bin/../lib/gcc/arm-none-eabi/10.3.1/thumb/v7e-m+fp/hard\libgcc.a(_aeabi_uldivmod.o) (__udivmoddi4)
c:/st/stm32cubeide_1.10.1/stm32cubeide/plugins/com.st.stm32cube.ide.mcu.externaltools.gnu-tools-for-stm32.10.3-2021.10.win32_1.0.0.202111181127/tools/bin/../lib/gcc/arm-none-eabi/10.3.1/thumb/v7e-m+fp/hard\libgcc.a(_dvmd_tls.o)
                              c:/st/stm32cubeide_1.10.1/stm32cubeide/plugins/com.st.stm32cube.ide.mcu.externaltools.gnu-tools-for-stm32.10.3-2021.10.win32_1.0.0.202111181127/tools/bin/../lib/gcc/arm-none-eabi/10.3.1/thumb/v7e-m+fp/hard\libgcc.a(_aeabi_uldivmod.o) (__aeabi_ldiv0)

Discarded input sections

 .text          0x0000000000000000        0x0 c:/st/stm32cubeide_1.10.1/stm32cubeide/plugins/com.st.stm32cube.ide.mcu.externaltools.gnu-tools-for-stm32.10.3-2021.10.win32_1.0.0.202111181127/tools/bin/../lib/gcc/arm-none-eabi/10.3.1/thumb/v7e-m+fp/hard/crti.o
 .data          0x0000000000000000        0x0 c:/st/stm32cubeide_1.10.1/stm32cubeide/plugins/com.st.stm32cube.ide.mcu.externaltools.gnu-tools-for-stm32.10.3-2021.10.win32_1.0.0.202111181127/tools/bin/../lib/gcc/arm-none-eabi/10.3.1/thumb/v7e-m+fp/hard/crti.o
 .bss           0x0000000000000000        0x0 c:/st/stm32cubeide_1.10.1/stm32cubeide/plugins/com.st.stm32cube.ide.mcu.externaltools.gnu-tools-for-stm32.10.3-2021.10.win32_1.0.0.202111181127/tools/bin/../lib/gcc/arm-none-eabi/10.3.1/thumb/v7e-m+fp/hard/crti.o
[...]
Memory Configuration

Name             Origin             Length             Attributes
RAM              0x0000000020000000 0x0000000000020000 xrw
FLASH            0x0000000008000000 0x0000000000080000 xr
*default*        0x0000000000000000 0xffffffffffffffff

Linker script and memory map

LOAD c:/st/stm32cubeide_1.10.1/stm32cubeide/plugins/com.st.stm32cube.ide.mcu.externaltools.gnu-tools-for-stm32.10.3-2021.10.win32_1.0.0.202111181127/tools/bin/../lib/gcc/arm-none-eabi/10.3.1/thumb/v7e-m+fp/hard/crti.o
LOAD c:/st/stm32cubeide_1.10.1/stm32cubeide/plugins/com.st.stm32cube.ide.mcu.externaltools.gnu-tools-for-stm32.10.3-2021.10.win32_1.0.0.202111181127/tools/bin/../lib/gcc/arm-none-eabi/10.3.1/thumb/v7e-m+fp/hard/crtbegin.o
LOAD c:/st/stm32cubeide_1.10.1/stm32cubeide/plugins/com.st.stm32cube.ide.mcu.externaltools.gnu-tools-for-stm32.10.3-2021.10.win32_1.0.0.202111181127/tools/bin/../lib/gcc/arm-none-eabi/10.3.1/../../../../arm-none-eabi/lib/thumb/v7e-m+fp/hard/crt0.o
LOAD ./Core/Src/it.o
LOAD ./Core/Src/main.o
LOAD ./Core/Src/msp.o
LOAD ./Core/Src/syscalls.o
LOAD ./Core/Src/sysmem.o
LOAD ./Core/Src/system_stm32f4xx.o
LOAD ./Core/Startup/startup_stm32f446retx.o
LOAD ./Drivers/STM32F4xx_HAL_Driver/Src/stm32f4xx_hal.o
LOAD ./Drivers/STM32F4xx_HAL_Driver/Src/stm32f4xx_hal_can.o
LOAD ./Drivers/STM32F4xx_HAL_Driver/Src/stm32f4xx_hal_cortex.o
LOAD ./Drivers/STM32F4xx_HAL_Driver/Src/stm32f4xx_hal_dma.o
LOAD ./Drivers/STM32F4xx_HAL_Driver/Src/stm32f4xx_hal_dma_ex.o
LOAD ./Drivers/STM32F4xx_HAL_Driver/Src/stm32f4xx_hal_exti.o
LOAD ./Drivers/STM32F4xx_HAL_Driver/Src/stm32f4xx_hal_flash.o
LOAD ./Drivers/STM32F4xx_HAL_Driver/Src/stm32f4xx_hal_flash_ex.o
LOAD ./Drivers/STM32F4xx_HAL_Driver/Src/stm32f4xx_hal_flash_ramfunc.o
LOAD ./Drivers/STM32F4xx_HAL_Driver/Src/stm32f4xx_hal_gpio.o
LOAD ./Drivers/STM32F4xx_HAL_Driver/Src/stm32f4xx_hal_pwr.o
LOAD ./Drivers/STM32F4xx_HAL_Driver/Src/stm32f4xx_hal_pwr_ex.o
LOAD ./Drivers/STM32F4xx_HAL_Driver/Src/stm32f4xx_hal_rcc.o
LOAD ./Drivers/STM32F4xx_HAL_Driver/Src/stm32f4xx_hal_rcc_ex.o
START GROUP
LOAD c:/st/stm32cubeide_1.10.1/stm32cubeide/plugins/com.st.stm32cube.ide.mcu.externaltools.gnu-tools-for-stm32.10.3-2021.10.win32_1.0.0.202111181127/tools/bin/../lib/gcc/arm-none-eabi/10.3.1/../../../../arm-none-eabi/lib/thumb/v7e-m+fp/hard\libc_nano.a
LOAD c:/st/stm32cubeide_1.10.1/stm32cubeide/plugins/com.st.stm32cube.ide.mcu.externaltools.gnu-tools-for-stm32.10.3-2021.10.win32_1.0.0.202111181127/tools/bin/../lib/gcc/arm-none-eabi/10.3.1/../../../../arm-none-eabi/lib/thumb/v7e-m+fp/hard\libm.a
END GROUP
START GROUP
LOAD c:/st/stm32cubeide_1.10.1/stm32cubeide/plugins/com.st.stm32cube.ide.mcu.externaltools.gnu-tools-for-stm32.10.3-2021.10.win32_1.0.0.202111181127/tools/bin/../lib/gcc/arm-none-eabi/10.3.1/thumb/v7e-m+fp/hard\libgcc.a
LOAD c:/st/stm32cubeide_1.10.1/stm32cubeide/plugins/com.st.stm32cube.ide.mcu.externaltools.gnu-tools-for-stm32.10.3-2021.10.win32_1.0.0.202111181127/tools/bin/../lib/gcc/arm-none-eabi/10.3.1/../../../../arm-none-eabi/lib/thumb/v7e-m+fp/hard\libc_nano.a
END GROUP
START GROUP
LOAD c:/st/stm32cubeide_1.10.1/stm32cubeide/plugins/com.st.stm32cube.ide.mcu.externaltools.gnu-tools-for-stm32.10.3-2021.10.win32_1.0.0.202111181127/tools/bin/../lib/gcc/arm-none-eabi/10.3.1/thumb/v7e-m+fp/hard\libgcc.a
LOAD c:/st/stm32cubeide_1.10.1/stm32cubeide/plugins/com.st.stm32cube.ide.mcu.externaltools.gnu-tools-for-stm32.10.3-2021.10.win32_1.0.0.202111181127/tools/bin/../lib/gcc/arm-none-eabi/10.3.1/../../../../arm-none-eabi/lib/thumb/v7e-m+fp/hard\libc_nano.a
LOAD c:/st/stm32cubeide_1.10.1/stm32cubeide/plugins/com.st.stm32cube.ide.mcu.externaltools.gnu-tools-for-stm32.10.3-2021.10.win32_1.0.0.202111181127/tools/bin/../lib/gcc/arm-none-eabi/10.3.1/../../../../arm-none-eabi/lib/thumb/v7e-m+fp/hard\libnosys.a
END GROUP
START GROUP
LOAD c:/st/stm32cubeide_1.10.1/stm32cubeide/plugins/com.st.stm32cube.ide.mcu.externaltools.gnu-tools-for-stm32.10.3-2021.10.win32_1.0.0.202111181127/tools/bin/../lib/gcc/arm-none-eabi/10.3.1/thumb/v7e-m+fp/hard\libgcc.a
LOAD c:/st/stm32cubeide_1.10.1/stm32cubeide/plugins/com.st.stm32cube.ide.mcu.externaltools.gnu-tools-for-stm32.10.3-2021.10.win32_1.0.0.202111181127/tools/bin/../lib/gcc/arm-none-eabi/10.3.1/../../../../arm-none-eabi/lib/thumb/v7e-m+fp/hard\libc_nano.a
LOAD c:/st/stm32cubeide_1.10.1/stm32cubeide/plugins/com.st.stm32cube.ide.mcu.externaltools.gnu-tools-for-stm32.10.3-2021.10.win32_1.0.0.202111181127/tools/bin/../lib/gcc/arm-none-eabi/10.3.1/../../../../arm-none-eabi/lib/thumb/v7e-m+fp/hard\libnosys.a
END GROUP
LOAD c:/st/stm32cubeide_1.10.1/stm32cubeide/plugins/com.st.stm32cube.ide.mcu.externaltools.gnu-tools-for-stm32.10.3-2021.10.win32_1.0.0.202111181127/tools/bin/../lib/gcc/arm-none-eabi/10.3.1/thumb/v7e-m+fp/hard/crtend.o
LOAD c:/st/stm32cubeide_1.10.1/stm32cubeide/plugins/com.st.stm32cube.ide.mcu.externaltools.gnu-tools-for-stm32.10.3-2021.10.win32_1.0.0.202111181127/tools/bin/../lib/gcc/arm-none-eabi/10.3.1/thumb/v7e-m+fp/hard/crtn.o
                0x0000000020020000                _estack = (ORIGIN (RAM) + LENGTH (RAM))
                0x0000000000000200                _Min_Heap_Size = 0x200
                0x0000000000000400                _Min_Stack_Size = 0x400

.isr_vector     0x0000000008000000      0x1c4
                0x0000000008000000                . = ALIGN (0x4)
 *(.isr_vector)
 .isr_vector    0x0000000008000000      0x1c4 ./Core/Startup/startup_stm32f446retx.o
                0x0000000008000000                g_pfnVectors
                0x00000000080001c4                . = ALIGN (0x4)

.text           0x00000000080001c4     0x2794
                0x00000000080001c4                . = ALIGN (0x4)
 *(.text)
 .text          0x00000000080001c4       0x40 c:/st/stm32cubeide_1.10.1/stm32cubeide/plugins/com.st.stm32cube.ide.mcu.externaltools.gnu-tools-for-stm32.10.3-2021.10.win32_1.0.0.202111181127/tools/bin/../lib/gcc/arm-none-eabi/10.3.1/thumb/v7e-m+fp/hard/crtbegin.o
 .text          0x0000000008000204       0x30 c:/st/stm32cubeide_1.10.1/stm32cubeide/plugins/com.st.stm32cube.ide.mcu.externaltools.gnu-tools-for-stm32.10.3-2021.10.win32_1.0.0.202111181127/tools/bin/../lib/gcc/arm-none-eabi/10.3.1/thumb/v7e-m+fp/hard\libgcc.a(_aeabi_uldivmod.o)
                0x0000000008000204                __aeabi_uldivmod
 .text          0x0000000008000234      0x2d0 c:/st/stm32cubeide_1.10.1/stm32cubeide/plugins/com.st.stm32cube.ide.mcu.externaltools.gnu-tools-for-stm32.10.3-2021.10.win32_1.0.0.202111181127/tools/bin/../lib/gcc/arm-none-eabi/10.3.1/thumb/v7e-m+fp/hard\libgcc.a(_udivmoddi4.o)
                0x0000000008000234                __udivmoddi4
 .text          0x0000000008000504        0x4 c:/st/stm32cubeide_1.10.1/stm32cubeide/plugins/com.st.stm32cube.ide.mcu.externaltools.gnu-tools-for-stm32.10.3-2021.10.win32_1.0.0.202111181127/tools/bin/../lib/gcc/arm-none-eabi/10.3.1/thumb/v7e-m+fp/hard\libgcc.a(_dvmd_tls.o)
                0x0000000008000504                __aeabi_idiv0
                0x0000000008000504                __aeabi_ldiv0
 *(.text*)
 .text.SysTick_Handler
                0x0000000008000508       0x10 ./Core/Src/it.o
                0x0000000008000508                SysTick_Handler
 .text.CAN1_TX_IRQHandler
                0x0000000008000518       0x14 ./Core/Src/it.o
                0x0000000008000518                CAN1_TX_IRQHandler
 .text.CAN1_RX0_IRQHandler
                0x000000000800052c       0x14 ./Core/Src/it.o
                0x000000000800052c                CAN1_RX0_IRQHandler
 .text.CAN1_RX1_IRQHandler
                0x0000000008000540       0x14 ./Core/Src/it.o
                0x0000000008000540                CAN1_RX1_IRQHandler
 .text.CAN1_SCE_IRQHandler
                0x0000000008000554       0x14 ./Core/Src/it.o
                0x0000000008000554                CAN1_SCE_IRQHandler
 .text.main     0x0000000008000568       0x4c ./Core/Src/main.o
                0x0000000008000568                main
 .text.GPIO_Init
                0x00000000080005b4       0x48 ./Core/Src/main.o
                0x00000000080005b4                GPIO_Init
 .text.SystemClock_Config_HSE
                0x00000000080005fc      0x114 ./Core/Src/main.o
                0x00000000080005fc                SystemClock_Config_HSE
 .text.CAN1_Init
                0x0000000008000710       0x6c ./Core/Src/main.o
                0x0000000008000710                CAN1_Init
 .text.CAN1_Tx  0x000000000800077c       0x50 ./Core/Src/main.o
                0x000000000800077c                CAN1_Tx
 .text.CAN1_Rx  0x00000000080007cc       0x3c ./Core/Src/main.o
                0x00000000080007cc                CAN1_Rx
 .text.CAN_Filter_Config
                0x0000000008000808       0x4c ./Core/Src/main.o
                0x0000000008000808                CAN_Filter_Config
 .text.HAL_CAN_TxMailbox0CompleteCallback
                0x0000000008000854       0x14 ./Core/Src/main.o
                0x0000000008000854                HAL_CAN_TxMailbox0CompleteCallback
 .text.HAL_CAN_TxMailbox1CompleteCallback
                0x0000000008000868       0x14 ./Core/Src/main.o
                0x0000000008000868                HAL_CAN_TxMailbox1CompleteCallback
 .text.HAL_CAN_TxMailbox2CompleteCallback
                0x000000000800087c       0x14 ./Core/Src/main.o
                0x000000000800087c                HAL_CAN_TxMailbox2CompleteCallback
 .text.HAL_CAN_RxFifo0MsgPendingCallback
                0x0000000008000890       0x30 ./Core/Src/main.o
                0x0000000008000890                HAL_CAN_RxFifo0MsgPendingCallback
 .text.HAL_CAN_ErrorCallback
                0x00000000080008c0       0x14 ./Core/Src/main.o
                0x00000000080008c0                HAL_CAN_ErrorCallback
 .text.Error_handler
                0x00000000080008d4        0x6 ./Core/Src/main.o
                0x00000000080008d4                Error_handler
 *fill*         0x00000000080008da        0x2 
 .text.HAL_MspInit
                0x00000000080008dc       0x44 ./Core/Src/msp.o
                0x00000000080008dc                HAL_MspInit
 .text.HAL_CAN_MspInit
                0x0000000008000920       0x98 ./Core/Src/msp.o
                0x0000000008000920                HAL_CAN_MspInit
 .text.SystemInit
                0x00000000080009b8       0x24 ./Core/Src/system_stm32f4xx.o
                0x00000000080009b8                SystemInit
 .text.Reset_Handler
                0x00000000080009dc       0x50 ./Core/Startup/startup_stm32f446retx.o
                0x00000000080009dc                Reset_Handler
 .text.Default_Handler
                0x0000000008000a2c        0x2 ./Core/Startup/startup_stm32f446retx.o
                0x0000000008000a2c                RTC_Alarm_IRQHandler
                0x0000000008000a2c                EXTI2_IRQHandler
                0x0000000008000a2c                TIM8_CC_IRQHandler
                0x0000000008000a2c                DebugMon_Handler
                0x0000000008000a2c                FMPI2C1_EV_IRQHandler
                0x0000000008000a2c                SPI4_IRQHandler
                0x0000000008000a2c                TIM1_CC_IRQHandler
                0x0000000008000a2c                DMA2_Stream5_IRQHandler
                0x0000000008000a2c                HardFault_Handler
                0x0000000008000a2c                DMA1_Stream5_IRQHandler
                0x0000000008000a2c                PVD_IRQHandler
                0x0000000008000a2c                SDIO_IRQHandler
                0x0000000008000a2c                TAMP_STAMP_IRQHandler
                0x0000000008000a2c                PendSV_Handler
                0x0000000008000a2c                NMI_Handler
                0x0000000008000a2c                CAN2_RX1_IRQHandler
                0x0000000008000a2c                EXTI3_IRQHandler
                0x0000000008000a2c                TIM8_TRG_COM_TIM14_IRQHandler
                0x0000000008000a2c                TIM1_UP_TIM10_IRQHandler
                0x0000000008000a2c                TIM8_UP_TIM13_IRQHandler
                0x0000000008000a2c                I2C3_ER_IRQHandler
                0x0000000008000a2c                EXTI0_IRQHandler
                0x0000000008000a2c                I2C2_EV_IRQHandler
                0x0000000008000a2c                DMA1_Stream2_IRQHandler
                0x0000000008000a2c                FPU_IRQHandler
                0x0000000008000a2c                OTG_HS_WKUP_IRQHandler
                0x0000000008000a2c                UsageFault_Handler
                0x0000000008000a2c                CAN2_SCE_IRQHandler
                0x0000000008000a2c                DMA2_Stream2_IRQHandler
                0x0000000008000a2c                SPI1_IRQHandler
                0x0000000008000a2c                TIM6_DAC_IRQHandler
                0x0000000008000a2c                TIM1_BRK_TIM9_IRQHandler
                0x0000000008000a2c                DCMI_IRQHandler
                0x0000000008000a2c                CAN2_RX0_IRQHandler
                0x0000000008000a2c                DMA2_Stream3_IRQHandler
                0x0000000008000a2c                SAI2_IRQHandler
                0x0000000008000a2c                USART6_IRQHandler
                0x0000000008000a2c                USART3_IRQHandler
                0x0000000008000a2c                UART5_IRQHandler
                0x0000000008000a2c                DMA2_Stream0_IRQHandler
                0x0000000008000a2c                TIM4_IRQHandler
                0x0000000008000a2c                QUADSPI_IRQHandler
                0x0000000008000a2c                I2C1_EV_IRQHandler
                0x0000000008000a2c                DMA1_Stream6_IRQHandler
                0x0000000008000a2c                DMA1_Stream1_IRQHandler
                0x0000000008000a2c                UART4_IRQHandler
                0x0000000008000a2c                TIM3_IRQHandler
                0x0000000008000a2c                RCC_IRQHandler
                0x0000000008000a2c                TIM8_BRK_TIM12_IRQHandler
                0x0000000008000a2c                Default_Handler
                0x0000000008000a2c                CEC_IRQHandler
                0x0000000008000a2c                EXTI15_10_IRQHandler
                0x0000000008000a2c                ADC_IRQHandler
                0x0000000008000a2c                DMA1_Stream7_IRQHandler
                0x0000000008000a2c                TIM7_IRQHandler
                0x0000000008000a2c                CAN2_TX_IRQHandler
                0x0000000008000a2c                TIM5_IRQHandler
                0x0000000008000a2c                DMA2_Stream7_IRQHandler
                0x0000000008000a2c                I2C3_EV_IRQHandler
                0x0000000008000a2c                EXTI9_5_IRQHandler
                0x0000000008000a2c                RTC_WKUP_IRQHandler
                0x0000000008000a2c                SPDIF_RX_IRQHandler
                0x0000000008000a2c                SPI2_IRQHandler
                0x0000000008000a2c                OTG_HS_EP1_IN_IRQHandler
                0x0000000008000a2c                MemManage_Handler
                0x0000000008000a2c                DMA1_Stream0_IRQHandler
                0x0000000008000a2c                SVC_Handler
                0x0000000008000a2c                FMPI2C1_ER_IRQHandler
                0x0000000008000a2c                EXTI4_IRQHandler
                0x0000000008000a2c                OTG_HS_EP1_OUT_IRQHandler
                0x0000000008000a2c                WWDG_IRQHandler
                0x0000000008000a2c                TIM2_IRQHandler
                0x0000000008000a2c                OTG_FS_WKUP_IRQHandler
                0x0000000008000a2c                TIM1_TRG_COM_TIM11_IRQHandler
                0x0000000008000a2c                OTG_HS_IRQHandler
                0x0000000008000a2c                EXTI1_IRQHandler
                0x0000000008000a2c                USART2_IRQHandler
                0x0000000008000a2c                I2C2_ER_IRQHandler
                0x0000000008000a2c                DMA2_Stream1_IRQHandler
                0x0000000008000a2c                FLASH_IRQHandler
                0x0000000008000a2c                DMA2_Stream4_IRQHandler
                0x0000000008000a2c                BusFault_Handler
                0x0000000008000a2c                USART1_IRQHandler
                0x0000000008000a2c                OTG_FS_IRQHandler
                0x0000000008000a2c                SPI3_IRQHandler
                0x0000000008000a2c                DMA1_Stream4_IRQHandler
                0x0000000008000a2c                I2C1_ER_IRQHandler
                0x0000000008000a2c                FMC_IRQHandler
                0x0000000008000a2c                DMA2_Stream6_IRQHandler
                0x0000000008000a2c                SAI1_IRQHandler
                0x0000000008000a2c                DMA1_Stream3_IRQHandler
 *fill*         0x0000000008000a2e        0x2 
 .text.HAL_Init
                0x0000000008000a30       0x44 ./Drivers/STM32F4xx_HAL_Driver/Src/stm32f4xx_hal.o
                0x0000000008000a30                HAL_Init
 .text.HAL_InitTick
                0x0000000008000a74       0x60 ./Drivers/STM32F4xx_HAL_Driver/Src/stm32f4xx_hal.o
                0x0000000008000a74                HAL_InitTick
 .text.HAL_IncTick
                0x0000000008000ad4       0x28 ./Drivers/STM32F4xx_HAL_Driver/Src/stm32f4xx_hal.o
                0x0000000008000ad4                HAL_IncTick
 .text.HAL_GetTick
                0x0000000008000afc       0x18 ./Drivers/STM32F4xx_HAL_Driver/Src/stm32f4xx_hal.o
                0x0000000008000afc                HAL_GetTick
 .text.HAL_CAN_Init
                0x0000000008000b14      0x1f6 ./Drivers/STM32F4xx_HAL_Driver/Src/stm32f4xx_hal_can.o
                0x0000000008000b14                HAL_CAN_Init
 *fill*         0x0000000008000d0a        0x2 
 .text.HAL_CAN_ConfigFilter
                0x0000000008000d0c      0x1c0 ./Drivers/STM32F4xx_HAL_Driver/Src/stm32f4xx_hal_can.o
                0x0000000008000d0c                HAL_CAN_ConfigFilter
 .text.HAL_CAN_Start
                0x0000000008000ecc       0x88 ./Drivers/STM32F4xx_HAL_Driver/Src/stm32f4xx_hal_can.o
                0x0000000008000ecc                HAL_CAN_Start
 .text.HAL_CAN_AddTxMessage
                0x0000000008000f54      0x1b6 ./Drivers/STM32F4xx_HAL_Driver/Src/stm32f4xx_hal_can.o
                0x0000000008000f54                HAL_CAN_AddTxMessage
 .text.HAL_CAN_GetRxMessage
                0x000000000800110a      0x224 ./Drivers/STM32F4xx_HAL_Driver/Src/stm32f4xx_hal_can.o
                0x000000000800110a                HAL_CAN_GetRxMessage
 .text.HAL_CAN_GetRxFifoFillLevel
                0x000000000800132e       0x50 ./Drivers/STM32F4xx_HAL_Driver/Src/stm32f4xx_hal_can.o
                0x000000000800132e                HAL_CAN_GetRxFifoFillLevel
 .text.HAL_CAN_ActivateNotification
                0x000000000800137e       0x4c ./Drivers/STM32F4xx_HAL_Driver/Src/stm32f4xx_hal_can.o
                0x000000000800137e                HAL_CAN_ActivateNotification
 .text.HAL_CAN_IRQHandler
                0x00000000080013ca      0x36e ./Drivers/STM32F4xx_HAL_Driver/Src/stm32f4xx_hal_can.o
                0x00000000080013ca                HAL_CAN_IRQHandler
 .text.HAL_CAN_TxMailbox0AbortCallback
                0x0000000008001738       0x14 ./Drivers/STM32F4xx_HAL_Driver/Src/stm32f4xx_hal_can.o
                0x0000000008001738                HAL_CAN_TxMailbox0AbortCallback
 .text.HAL_CAN_TxMailbox1AbortCallback
                0x000000000800174c       0x14 ./Drivers/STM32F4xx_HAL_Driver/Src/stm32f4xx_hal_can.o
                0x000000000800174c                HAL_CAN_TxMailbox1AbortCallback
 .text.HAL_CAN_TxMailbox2AbortCallback
                0x0000000008001760       0x14 ./Drivers/STM32F4xx_HAL_Driver/Src/stm32f4xx_hal_can.o
                0x0000000008001760                HAL_CAN_TxMailbox2AbortCallback
 .text.HAL_CAN_RxFifo0FullCallback
                0x0000000008001774       0x14 ./Drivers/STM32F4xx_HAL_Driver/Src/stm32f4xx_hal_can.o
                0x0000000008001774                HAL_CAN_RxFifo0FullCallback
 .text.HAL_CAN_RxFifo1MsgPendingCallback
                0x0000000008001788       0x14 ./Drivers/STM32F4xx_HAL_Driver/Src/stm32f4xx_hal_can.o
                0x0000000008001788                HAL_CAN_RxFifo1MsgPendingCallback
 .text.HAL_CAN_RxFifo1FullCallback
                0x000000000800179c       0x14 ./Drivers/STM32F4xx_HAL_Driver/Src/stm32f4xx_hal_can.o
                0x000000000800179c                HAL_CAN_RxFifo1FullCallback
 .text.HAL_CAN_SleepCallback
                0x00000000080017b0       0x14 ./Drivers/STM32F4xx_HAL_Driver/Src/stm32f4xx_hal_can.o
                0x00000000080017b0                HAL_CAN_SleepCallback
 .text.HAL_CAN_WakeUpFromRxMsgCallback
                0x00000000080017c4       0x14 ./Drivers/STM32F4xx_HAL_Driver/Src/stm32f4xx_hal_can.o
                0x00000000080017c4                HAL_CAN_WakeUpFromRxMsgCallback
 .text.__NVIC_SetPriorityGrouping
                0x00000000080017d8       0x48 ./Drivers/STM32F4xx_HAL_Driver/Src/stm32f4xx_hal_cortex.o
 .text.__NVIC_GetPriorityGrouping
                0x0000000008001820       0x1c ./Drivers/STM32F4xx_HAL_Driver/Src/stm32f4xx_hal_cortex.o
 .text.__NVIC_EnableIRQ
                0x000000000800183c       0x3c ./Drivers/STM32F4xx_HAL_Driver/Src/stm32f4xx_hal_cortex.o
 .text.__NVIC_SetPriority
                0x0000000008001878       0x54 ./Drivers/STM32F4xx_HAL_Driver/Src/stm32f4xx_hal_cortex.o
 .text.NVIC_EncodePriority
                0x00000000080018cc       0x66 ./Drivers/STM32F4xx_HAL_Driver/Src/stm32f4xx_hal_cortex.o
 *fill*         0x0000000008001932        0x2 
 .text.SysTick_Config
                0x0000000008001934       0x44 ./Drivers/STM32F4xx_HAL_Driver/Src/stm32f4xx_hal_cortex.o
 .text.HAL_NVIC_SetPriorityGrouping
                0x0000000008001978       0x16 ./Drivers/STM32F4xx_HAL_Driver/Src/stm32f4xx_hal_cortex.o
                0x0000000008001978                HAL_NVIC_SetPriorityGrouping
 .text.HAL_NVIC_SetPriority
                0x000000000800198e       0x38 ./Drivers/STM32F4xx_HAL_Driver/Src/stm32f4xx_hal_cortex.o
                0x000000000800198e                HAL_NVIC_SetPriority
 .text.HAL_NVIC_EnableIRQ
                0x00000000080019c6       0x1c ./Drivers/STM32F4xx_HAL_Driver/Src/stm32f4xx_hal_cortex.o
                0x00000000080019c6                HAL_NVIC_EnableIRQ
 .text.HAL_SYSTICK_Config
                0x00000000080019e2       0x18 ./Drivers/STM32F4xx_HAL_Driver/Src/stm32f4xx_hal_cortex.o
                0x00000000080019e2                HAL_SYSTICK_Config
 *fill*         0x00000000080019fa        0x2 
 .text.HAL_SYSTICK_CLKSourceConfig
                0x00000000080019fc       0x38 ./Drivers/STM32F4xx_HAL_Driver/Src/stm32f4xx_hal_cortex.o
                0x00000000080019fc                HAL_SYSTICK_CLKSourceConfig
 .text.HAL_SYSTICK_IRQHandler
                0x0000000008001a34        0xc ./Drivers/STM32F4xx_HAL_Driver/Src/stm32f4xx_hal_cortex.o
                0x0000000008001a34                HAL_SYSTICK_IRQHandler
 .text.HAL_SYSTICK_Callback
                0x0000000008001a40        0xe ./Drivers/STM32F4xx_HAL_Driver/Src/stm32f4xx_hal_cortex.o
                0x0000000008001a40                HAL_SYSTICK_Callback
 *fill*         0x0000000008001a4e        0x2 
 .text.HAL_GPIO_Init
                0x0000000008001a50      0x328 ./Drivers/STM32F4xx_HAL_Driver/Src/stm32f4xx_hal_gpio.o
                0x0000000008001a50                HAL_GPIO_Init
 .text.HAL_RCC_ClockConfig
                0x0000000008001d78      0x1cc ./Drivers/STM32F4xx_HAL_Driver/Src/stm32f4xx_hal_rcc.o
                0x0000000008001d78                HAL_RCC_ClockConfig
 .text.HAL_RCC_GetHCLKFreq
                0x0000000008001f44       0x18 ./Drivers/STM32F4xx_HAL_Driver/Src/stm32f4xx_hal_rcc.o
                0x0000000008001f44                HAL_RCC_GetHCLKFreq
 .text.HAL_RCC_GetSysClockFreq
                0x0000000008001f5c      0x460 ./Drivers/STM32F4xx_HAL_Driver/Src/stm32f4xx_hal_rcc_ex.o
                0x0000000008001f5c                HAL_RCC_GetSysClockFreq
 .text.HAL_RCC_OscConfig
                0x00000000080023bc      0x53c ./Drivers/STM32F4xx_HAL_Driver/Src/stm32f4xx_hal_rcc_ex.o
                0x00000000080023bc                HAL_RCC_OscConfig
 .text.__libc_init_array
                0x00000000080028f8       0x48 c:/st/stm32cubeide_1.10.1/stm32cubeide/plugins/com.st.stm32cube.ide.mcu.externaltools.gnu-tools-for-stm32.10.3-2021.10.win32_1.0.0.202111181127/tools/bin/../lib/gcc/arm-none-eabi/10.3.1/../../../../arm-none-eabi/lib/thumb/v7e-m+fp/hard\libc_nano.a(lib_a-init.o)
                0x00000000080028f8                __libc_init_array
 *(.glue_7)
 .glue_7        0x0000000008002940        0x0 linker stubs
 *(.glue_7t)
 .glue_7t       0x0000000008002940        0x0 linker stubs
 *(.eh_frame)
 .eh_frame      0x0000000008002940        0x0 c:/st/stm32cubeide_1.10.1/stm32cubeide/plugins/com.st.stm32cube.ide.mcu.externaltools.gnu-tools-for-stm32.10.3-2021.10.win32_1.0.0.202111181127/tools/bin/../lib/gcc/arm-none-eabi/10.3.1/thumb/v7e-m+fp/hard/crtbegin.o
 *(.init)
 .init          0x0000000008002940        0x4 c:/st/stm32cubeide_1.10.1/stm32cubeide/plugins/com.st.stm32cube.ide.mcu.externaltools.gnu-tools-for-stm32.10.3-2021.10.win32_1.0.0.202111181127/tools/bin/../lib/gcc/arm-none-eabi/10.3.1/thumb/v7e-m+fp/hard/crti.o
                0x0000000008002940                _init
 .init          0x0000000008002944        0x8 c:/st/stm32cubeide_1.10.1/stm32cubeide/plugins/com.st.stm32cube.ide.mcu.externaltools.gnu-tools-for-stm32.10.3-2021.10.win32_1.0.0.202111181127/tools/bin/../lib/gcc/arm-none-eabi/10.3.1/thumb/v7e-m+fp/hard/crtn.o
 *(.fini)
 .fini          0x000000000800294c        0x4 c:/st/stm32cubeide_1.10.1/stm32cubeide/plugins/com.st.stm32cube.ide.mcu.externaltools.gnu-tools-for-stm32.10.3-2021.10.win32_1.0.0.202111181127/tools/bin/../lib/gcc/arm-none-eabi/10.3.1/thumb/v7e-m+fp/hard/crti.o
                0x000000000800294c                _fini
 .fini          0x0000000008002950        0x8 c:/st/stm32cubeide_1.10.1/stm32cubeide/plugins/com.st.stm32cube.ide.mcu.externaltools.gnu-tools-for-stm32.10.3-2021.10.win32_1.0.0.202111181127/tools/bin/../lib/gcc/arm-none-eabi/10.3.1/thumb/v7e-m+fp/hard/crtn.o
                0x0000000008002958                . = ALIGN (0x4)
                0x0000000008002958                _etext = .

.vfp11_veneer   0x0000000008002958        0x0
 .vfp11_veneer  0x0000000008002958        0x0 linker stubs

.v4_bx          0x0000000008002958        0x0
 .v4_bx         0x0000000008002958        0x0 linker stubs

.iplt           0x0000000008002958        0x0
 .iplt          0x0000000008002958        0x0 c:/st/stm32cubeide_1.10.1/stm32cubeide/plugins/com.st.stm32cube.ide.mcu.externaltools.gnu-tools-for-stm32.10.3-2021.10.win32_1.0.0.202111181127/tools/bin/../lib/gcc/arm-none-eabi/10.3.1/thumb/v7e-m+fp/hard/crtbegin.o

.rodata         0x0000000008002958       0x18
                0x0000000008002958                . = ALIGN (0x4)
 *(.rodata)
 .rodata        0x0000000008002958        0x5 ./Core/Src/main.o
 *(.rodata*)
 *fill*         0x000000000800295d        0x3 
 .rodata.AHBPrescTable
                0x0000000008002960       0x10 ./Core/Src/system_stm32f4xx.o
                0x0000000008002960                AHBPrescTable
                0x0000000008002970                . = ALIGN (0x4)

.ARM.extab      0x0000000008002970        0x0
                0x0000000008002970                . = ALIGN (0x4)
 *(.ARM.extab* .gnu.linkonce.armextab.*)
                0x0000000008002970                . = ALIGN (0x4)

.ARM            0x0000000008002970        0x8
                0x0000000008002970                . = ALIGN (0x4)
                0x0000000008002970                __exidx_start = .
 *(.ARM.exidx*)
 .ARM.exidx     0x0000000008002970        0x8 c:/st/stm32cubeide_1.10.1/stm32cubeide/plugins/com.st.stm32cube.ide.mcu.externaltools.gnu-tools-for-stm32.10.3-2021.10.win32_1.0.0.202111181127/tools/bin/../lib/gcc/arm-none-eabi/10.3.1/thumb/v7e-m+fp/hard\libgcc.a(_udivmoddi4.o)
                0x0000000008002978                __exidx_end = .
                0x0000000008002978                . = ALIGN (0x4)

.rel.dyn        0x0000000008002978        0x0
 .rel.iplt      0x0000000008002978        0x0 c:/st/stm32cubeide_1.10.1/stm32cubeide/plugins/com.st.stm32cube.ide.mcu.externaltools.gnu-tools-for-stm32.10.3-2021.10.win32_1.0.0.202111181127/tools/bin/../lib/gcc/arm-none-eabi/10.3.1/thumb/v7e-m+fp/hard/crtbegin.o

.preinit_array  0x0000000008002978        0x0
                0x0000000008002978                . = ALIGN (0x4)
                0x0000000008002978                PROVIDE (__preinit_array_start = .)
 *(.preinit_array*)
                0x0000000008002978                PROVIDE (__preinit_array_end = .)
                0x0000000008002978                . = ALIGN (0x4)

.init_array     0x0000000008002978        0x4
                0x0000000008002978                . = ALIGN (0x4)
                0x0000000008002978                PROVIDE (__init_array_start = .)
 *(SORT_BY_NAME(.init_array.*))
 *(.init_array*)
 .init_array    0x0000000008002978        0x4 c:/st/stm32cubeide_1.10.1/stm32cubeide/plugins/com.st.stm32cube.ide.mcu.externaltools.gnu-tools-for-stm32.10.3-2021.10.win32_1.0.0.202111181127/tools/bin/../lib/gcc/arm-none-eabi/10.3.1/thumb/v7e-m+fp/hard/crtbegin.o
                0x000000000800297c                PROVIDE (__init_array_end = .)
                0x000000000800297c                . = ALIGN (0x4)

.fini_array     0x000000000800297c        0x4
                0x000000000800297c                . = ALIGN (0x4)
                [!provide]                        PROVIDE (__fini_array_start = .)
 *(SORT_BY_NAME(.fini_array.*))
 *(.fini_array*)
 .fini_array    0x000000000800297c        0x4 c:/st/stm32cubeide_1.10.1/stm32cubeide/plugins/com.st.stm32cube.ide.mcu.externaltools.gnu-tools-for-stm32.10.3-2021.10.win32_1.0.0.202111181127/tools/bin/../lib/gcc/arm-none-eabi/10.3.1/thumb/v7e-m+fp/hard/crtbegin.o
                [!provide]                        PROVIDE (__fini_array_end = .)
                0x0000000008002980                . = ALIGN (0x4)
                0x0000000008002980                _sidata = LOADADDR (.data)

.data           0x0000000020000000        0xc load address 0x0000000008002980
                0x0000000020000000                . = ALIGN (0x4)
                0x0000000020000000                _sdata = .
 *(.data)
 *(.data*)
 .data.SystemCoreClock
                0x0000000020000000        0x4 ./Core/Src/system_stm32f4xx.o
                0x0000000020000000                SystemCoreClock
 .data.uwTickPrio
                0x0000000020000004        0x4 ./Drivers/STM32F4xx_HAL_Driver/Src/stm32f4xx_hal.o
                0x0000000020000004                uwTickPrio
 .data.uwTickFreq
                0x0000000020000008        0x1 ./Drivers/STM32F4xx_HAL_Driver/Src/stm32f4xx_hal.o
                0x0000000020000008                uwTickFreq
 *(.RamFunc)
 *(.RamFunc*)
                0x000000002000000c                . = ALIGN (0x4)
 *fill*         0x0000000020000009        0x3 
                0x000000002000000c                _edata = .

.igot.plt       0x000000002000000c        0x0 load address 0x000000000800298c
 .igot.plt      0x000000002000000c        0x0 c:/st/stm32cubeide_1.10.1/stm32cubeide/plugins/com.st.stm32cube.ide.mcu.externaltools.gnu-tools-for-stm32.10.3-2021.10.win32_1.0.0.202111181127/tools/bin/../lib/gcc/arm-none-eabi/10.3.1/thumb/v7e-m+fp/hard/crtbegin.o
                0x000000002000000c                . = ALIGN (0x4)

.bss            0x000000002000000c       0x48 load address 0x000000000800298c
                0x000000002000000c                _sbss = .
                0x000000002000000c                __bss_start__ = _sbss
 *(.bss)
 .bss           0x000000002000000c       0x1c c:/st/stm32cubeide_1.10.1/stm32cubeide/plugins/com.st.stm32cube.ide.mcu.externaltools.gnu-tools-for-stm32.10.3-2021.10.win32_1.0.0.202111181127/tools/bin/../lib/gcc/arm-none-eabi/10.3.1/thumb/v7e-m+fp/hard/crtbegin.o
 *(.bss*)
 .bss.hcan1     0x0000000020000028       0x28 ./Core/Src/main.o
                0x0000000020000028                hcan1
 .bss.uwTick    0x0000000020000050        0x4 ./Drivers/STM32F4xx_HAL_Driver/Src/stm32f4xx_hal.o
                0x0000000020000050                uwTick
 *(COMMON)
                0x0000000020000054                . = ALIGN (0x4)
                0x0000000020000054                _ebss = .
                0x0000000020000054                __bss_end__ = _ebss

._user_heap_stack
                0x0000000020000054      0x604 load address 0x000000000800298c
                0x0000000020000058                . = ALIGN (0x8)
 *fill*         0x0000000020000054        0x4 
                [!provide]                        PROVIDE (end = .)
                0x0000000020000058                PROVIDE (_end = .)
                0x0000000020000258                . = (. + _Min_Heap_Size)
 *fill*         0x0000000020000058      0x200 
                0x0000000020000658                . = (. + _Min_Stack_Size)
 *fill*         0x0000000020000258      0x400 
                0x0000000020000658                . = ALIGN (0x8)

/DISCARD/
 libc.a(*)
 libm.a(*)
 libgcc.a(*)

.ARM.attributes
                0x0000000000000000       0x30
 *(.ARM.attributes)
 .ARM.attributes
                0x0000000000000000       0x1e c:/st/stm32cubeide_1.10.1/stm32cubeide/plugins/com.st.stm32cube.ide.mcu.externaltools.gnu-tools-for-stm32.10.3-2021.10.win32_1.0.0.202111181127/tools/bin/../lib/gcc/arm-none-eabi/10.3.1/thumb/v7e-m+fp/hard/crti.o
 .ARM.attributes
                0x000000000000001e       0x34 c:/st/stm32cubeide_1.10.1/stm32cubeide/plugins/com.st.stm32cube.ide.mcu.externaltools.gnu-tools-for-stm32.10.3-2021.10.win32_1.0.0.202111181127/tools/bin/../lib/gcc/arm-none-eabi/10.3.1/thumb/v7e-m+fp/hard/crtbegin.o
 .ARM.attributes
                0x0000000000000052       0x34 ./Core/Src/it.o
 .ARM.attributes
                0x0000000000000086       0x34 ./Core/Src/main.o
 .ARM.attributes
                0x00000000000000ba       0x34 ./Core/Src/msp.o
 .ARM.attributes
                0x00000000000000ee       0x34 ./Core/Src/system_stm32f4xx.o
 .ARM.attributes
                0x0000000000000122       0x21 ./Core/Startup/startup_stm32f446retx.o
 .ARM.attributes
                0x0000000000000143       0x34 ./Drivers/STM32F4xx_HAL_Driver/Src/stm32f4xx_hal.o
 .ARM.attributes
                0x0000000000000177       0x34 ./Drivers/STM32F4xx_HAL_Driver/Src/stm32f4xx_hal_can.o
 .ARM.attributes
                0x00000000000001ab       0x34 ./Drivers/STM32F4xx_HAL_Driver/Src/stm32f4xx_hal_cortex.o
 .ARM.attributes
                0x00000000000001df       0x34 ./Drivers/STM32F4xx_HAL_Driver/Src/stm32f4xx_hal_gpio.o
 .ARM.attributes
                0x0000000000000213       0x34 ./Drivers/STM32F4xx_HAL_Driver/Src/stm32f4xx_hal_rcc.o
 .ARM.attributes
                0x0000000000000247       0x34 ./Drivers/STM32F4xx_HAL_Driver/Src/stm32f4xx_hal_rcc_ex.o
 .ARM.attributes
                0x000000000000027b       0x34 c:/st/stm32cubeide_1.10.1/stm32cubeide/plugins/com.st.stm32cube.ide.mcu.externaltools.gnu-tools-for-stm32.10.3-2021.10.win32_1.0.0.202111181127/tools/bin/../lib/gcc/arm-none-eabi/10.3.1/../../../../arm-none-eabi/lib/thumb/v7e-m+fp/hard\libc_nano.a(lib_a-init.o)
 .ARM.attributes
                0x00000000000002af       0x1e c:/st/stm32cubeide_1.10.1/stm32cubeide/plugins/com.st.stm32cube.ide.mcu.externaltools.gnu-tools-for-stm32.10.3-2021.10.win32_1.0.0.202111181127/tools/bin/../lib/gcc/arm-none-eabi/10.3.1/thumb/v7e-m+fp/hard\libgcc.a(_aeabi_uldivmod.o)
 .ARM.attributes
                0x00000000000002cd       0x34 c:/st/stm32cubeide_1.10.1/stm32cubeide/plugins/com.st.stm32cube.ide.mcu.externaltools.gnu-tools-for-stm32.10.3-2021.10.win32_1.0.0.202111181127/tools/bin/../lib/gcc/arm-none-eabi/10.3.1/thumb/v7e-m+fp/hard\libgcc.a(_udivmoddi4.o)
 .ARM.attributes
                0x0000000000000301       0x1e c:/st/stm32cubeide_1.10.1/stm32cubeide/plugins/com.st.stm32cube.ide.mcu.externaltools.gnu-tools-for-stm32.10.3-2021.10.win32_1.0.0.202111181127/tools/bin/../lib/gcc/arm-none-eabi/10.3.1/thumb/v7e-m+fp/hard\libgcc.a(_dvmd_tls.o)
 .ARM.attributes
                0x000000000000031f       0x1e c:/st/stm32cubeide_1.10.1/stm32cubeide/plugins/com.st.stm32cube.ide.mcu.externaltools.gnu-tools-for-stm32.10.3-2021.10.win32_1.0.0.202111181127/tools/bin/../lib/gcc/arm-none-eabi/10.3.1/thumb/v7e-m+fp/hard/crtn.o
OUTPUT(14_CAN_LOOP_BACK_MODE_IT.elf elf32-littlearm)
LOAD linker stubs
LOAD c:/st/stm32cubeide_1.10.1/stm32cubeide/plugins/com.st.stm32cube.ide.mcu.externaltools.gnu-tools-for-stm32.10.3-2021.10.win32_1.0.0.202111181127/tools/bin/../lib/gcc/arm-none-eabi/10.3.1/../../../../arm-none-eabi/lib/thumb/v7e-m+fp/hard\libc.a
LOAD c:/st/stm32cubeide_1.10.1/stm32cubeide/plugins/com.st.stm32cube.ide.mcu.externaltools.gnu-tools-for-stm32.10.3-2021.10.win32_1.0.0.202111181127/tools/bin/../lib/gcc/arm-none-eabi/10.3.1/../../../../arm-none-eabi/lib/thumb/v7e-m+fp/hard\libm.a
LOAD c:/st/stm32cubeide_1.10.1/stm32cubeide/plugins/com.st.stm32cube.ide.mcu.externaltools.gnu-tools-for-stm32.10.3-2021.10.win32_1.0.0.202111181127/tools/bin/../lib/gcc/arm-none-eabi/10.3.1/thumb/v7e-m+fp/hard\libgcc.a

.debug_info     0x0000000000000000     0x68ae
 .debug_info    0x0000000000000000      0x503 ./Core/Src/it.o
 .debug_info    0x0000000000000503      0xe8a ./Core/Src/main.o
 .debug_info    0x000000000000138d      0xc7e ./Core/Src/msp.o
 .debug_info    0x000000000000200b      0x55b ./Core/Src/system_stm32f4xx.o
 .debug_info    0x0000000000002566       0x22 ./Core/Startup/startup_stm32f446retx.o
 .debug_info    0x0000000000002588      0x9d2 ./Drivers/STM32F4xx_HAL_Driver/Src/stm32f4xx_hal.o
 .debug_info    0x0000000000002f5a      0xfc6 ./Drivers/STM32F4xx_HAL_Driver/Src/stm32f4xx_hal_can.o
 .debug_info    0x0000000000003f20      0xe39 ./Drivers/STM32F4xx_HAL_Driver/Src/stm32f4xx_hal_cortex.o
 .debug_info    0x0000000000004d59      0x7be ./Drivers/STM32F4xx_HAL_Driver/Src/stm32f4xx_hal_gpio.o
 .debug_info    0x0000000000005517      0x9ab ./Drivers/STM32F4xx_HAL_Driver/Src/stm32f4xx_hal_rcc.o
 .debug_info    0x0000000000005ec2      0x9ec ./Drivers/STM32F4xx_HAL_Driver/Src/stm32f4xx_hal_rcc_ex.o

.debug_abbrev   0x0000000000000000     0x14a3
 .debug_abbrev  0x0000000000000000      0x18d ./Core/Src/it.o
 .debug_abbrev  0x000000000000018d      0x265 ./Core/Src/main.o
 .debug_abbrev  0x00000000000003f2      0x1cf ./Core/Src/msp.o
 .debug_abbrev  0x00000000000005c1      0x116 ./Core/Src/system_stm32f4xx.o
 .debug_abbrev  0x00000000000006d7       0x12 ./Core/Startup/startup_stm32f446retx.o
 .debug_abbrev  0x00000000000006e9      0x20d ./Drivers/STM32F4xx_HAL_Driver/Src/stm32f4xx_hal.o
 .debug_abbrev  0x00000000000008f6      0x22e ./Drivers/STM32F4xx_HAL_Driver/Src/stm32f4xx_hal_can.o
 .debug_abbrev  0x0000000000000b24      0x316 ./Drivers/STM32F4xx_HAL_Driver/Src/stm32f4xx_hal_cortex.o
 .debug_abbrev  0x0000000000000e3a      0x1c4 ./Drivers/STM32F4xx_HAL_Driver/Src/stm32f4xx_hal_gpio.o
 .debug_abbrev  0x0000000000000ffe      0x2aa ./Drivers/STM32F4xx_HAL_Driver/Src/stm32f4xx_hal_rcc.o
 .debug_abbrev  0x00000000000012a8      0x1fb ./Drivers/STM32F4xx_HAL_Driver/Src/stm32f4xx_hal_rcc_ex.o

.debug_aranges  0x0000000000000000      0x5d0
 .debug_aranges
                0x0000000000000000       0x40 ./Core/Src/it.o
 .debug_aranges
                0x0000000000000040       0x80 ./Core/Src/main.o
 .debug_aranges
                0x00000000000000c0       0x28 ./Core/Src/msp.o
 .debug_aranges
                0x00000000000000e8       0x28 ./Core/Src/system_stm32f4xx.o
 .debug_aranges
                0x0000000000000110       0x28 ./Core/Startup/startup_stm32f446retx.o
 .debug_aranges
                0x0000000000000138       0xf0 ./Drivers/STM32F4xx_HAL_Driver/Src/stm32f4xx_hal.o
 .debug_aranges
                0x0000000000000228      0x138 ./Drivers/STM32F4xx_HAL_Driver/Src/stm32f4xx_hal_can.o
 .debug_aranges
                0x0000000000000360      0x118 ./Drivers/STM32F4xx_HAL_Driver/Src/stm32f4xx_hal_cortex.o
 .debug_aranges
                0x0000000000000478       0x58 ./Drivers/STM32F4xx_HAL_Driver/Src/stm32f4xx_hal_gpio.o
 .debug_aranges
                0x00000000000004d0       0x88 ./Drivers/STM32F4xx_HAL_Driver/Src/stm32f4xx_hal_rcc.o
 .debug_aranges
                0x0000000000000558       0x78 ./Drivers/STM32F4xx_HAL_Driver/Src/stm32f4xx_hal_rcc_ex.o

.debug_ranges   0x0000000000000000      0x528
 .debug_ranges  0x0000000000000000       0x30 ./Core/Src/it.o
 .debug_ranges  0x0000000000000030       0x70 ./Core/Src/main.o
 .debug_ranges  0x00000000000000a0       0x18 ./Core/Src/msp.o
 .debug_ranges  0x00000000000000b8       0x18 ./Core/Src/system_stm32f4xx.o
 .debug_ranges  0x00000000000000d0       0x20 ./Core/Startup/startup_stm32f446retx.o
 .debug_ranges  0x00000000000000f0       0xe0 ./Drivers/STM32F4xx_HAL_Driver/Src/stm32f4xx_hal.o
 .debug_ranges  0x00000000000001d0      0x128 ./Drivers/STM32F4xx_HAL_Driver/Src/stm32f4xx_hal_can.o
 .debug_ranges  0x00000000000002f8      0x108 ./Drivers/STM32F4xx_HAL_Driver/Src/stm32f4xx_hal_cortex.o
 .debug_ranges  0x0000000000000400       0x48 ./Drivers/STM32F4xx_HAL_Driver/Src/stm32f4xx_hal_gpio.o
 .debug_ranges  0x0000000000000448       0x78 ./Drivers/STM32F4xx_HAL_Driver/Src/stm32f4xx_hal_rcc.o
 .debug_ranges  0x00000000000004c0       0x68 ./Drivers/STM32F4xx_HAL_Driver/Src/stm32f4xx_hal_rcc_ex.o

.debug_macro    0x0000000000000000    0x20a97
 .debug_macro   0x0000000000000000      0x1c9 ./Core/Src/it.o
 .debug_macro   0x00000000000001c9      0xa78 ./Core/Src/it.o
 .debug_macro   0x0000000000000c41      0x295 ./Core/Src/it.o
 .debug_macro   0x0000000000000ed6       0x2e ./Core/Src/it.o
 .debug_macro   0x0000000000000f04       0x28 ./Core/Src/it.o
 .debug_macro   0x0000000000000f2c       0x22 ./Core/Src/it.o
 .debug_macro   0x0000000000000f4e       0x8e ./Core/Src/it.o
 .debug_macro   0x0000000000000fdc       0x51 ./Core/Src/it.o
 .debug_macro   0x000000000000102d      0x103 ./Core/Src/it.o
 .debug_macro   0x0000000000001130       0x6a ./Core/Src/it.o
 .debug_macro   0x000000000000119a      0x1df ./Core/Src/it.o
 .debug_macro   0x0000000000001379       0x1c ./Core/Src/it.o
 .debug_macro   0x0000000000001395       0x22 ./Core/Src/it.o
 .debug_macro   0x00000000000013b7       0xd9 ./Core/Src/it.o
 .debug_macro   0x0000000000001490     0x102d ./Core/Src/it.o
 .debug_macro   0x00000000000024bd      0x11f ./Core/Src/it.o
 .debug_macro   0x00000000000025dc    0x16749 ./Core/Src/it.o
 .debug_macro   0x0000000000018d25       0x6d ./Core/Src/it.o
 .debug_macro   0x0000000000018d92     0x367e ./Core/Src/it.o
 .debug_macro   0x000000000001c410      0x174 ./Core/Src/it.o
 .debug_macro   0x000000000001c584       0x5c ./Core/Src/it.o
 .debug_macro   0x000000000001c5e0      0xc90 ./Core/Src/it.o
 .debug_macro   0x000000000001d270      0x9fe ./Core/Src/it.o
 .debug_macro   0x000000000001dc6e      0x115 ./Core/Src/it.o
 .debug_macro   0x000000000001dd83      0x1a0 ./Core/Src/it.o
 .debug_macro   0x000000000001df23       0xa5 ./Core/Src/it.o
 .debug_macro   0x000000000001dfc8      0x16d ./Core/Src/it.o
 .debug_macro   0x000000000001e135      0x287 ./Core/Src/it.o
 .debug_macro   0x000000000001e3bc       0x5f ./Core/Src/it.o
 .debug_macro   0x000000000001e41b      0x236 ./Core/Src/it.o
 .debug_macro   0x000000000001e651      0x40f ./Core/Src/it.o
 .debug_macro   0x000000000001ea60      0x132 ./Core/Src/it.o
 .debug_macro   0x000000000001eb92      0x29c ./Core/Src/it.o
 .debug_macro   0x000000000001ee2e       0x2e ./Core/Src/it.o
 .debug_macro   0x000000000001ee5c      0x11a ./Core/Src/it.o
 .debug_macro   0x000000000001ef76       0xe8 ./Core/Src/it.o
 .debug_macro   0x000000000001f05e       0x89 ./Core/Src/it.o
 .debug_macro   0x000000000001f0e7      0x126 ./Core/Src/it.o
 .debug_macro   0x000000000001f20d       0x28 ./Core/Src/it.o
 .debug_macro   0x000000000001f235      0x291 ./Core/Src/main.o
 .debug_macro   0x000000000001f4c6       0x2e ./Core/Src/main.o
 .debug_macro   0x000000000001f4f4       0x52 ./Core/Src/main.o
 .debug_macro   0x000000000001f546       0x1e ./Core/Src/main.o
 .debug_macro   0x000000000001f564       0x3c ./Core/Src/main.o
 .debug_macro   0x000000000001f5a0       0x34 ./Core/Src/main.o
 .debug_macro   0x000000000001f5d4       0x16 ./Core/Src/main.o
 .debug_macro   0x000000000001f5ea       0x43 ./Core/Src/main.o
 .debug_macro   0x000000000001f62d       0x34 ./Core/Src/main.o
 .debug_macro   0x000000000001f661       0x10 ./Core/Src/main.o
 .debug_macro   0x000000000001f671       0x58 ./Core/Src/main.o
 .debug_macro   0x000000000001f6c9       0x71 ./Core/Src/main.o
 .debug_macro   0x000000000001f73a       0x1c ./Core/Src/main.o
 .debug_macro   0x000000000001f756      0x12a ./Core/Src/main.o
 .debug_macro   0x000000000001f880      0x341 ./Core/Src/main.o
 .debug_macro   0x000000000001fbc1       0x10 ./Core/Src/main.o
 .debug_macro   0x000000000001fbd1       0x35 ./Core/Src/main.o
 .debug_macro   0x000000000001fc06       0x20 ./Core/Src/main.o
 .debug_macro   0x000000000001fc26      0x1c9 ./Core/Src/msp.o
 .debug_macro   0x000000000001fdef      0x1ba ./Core/Src/system_stm32f4xx.o
 .debug_macro   0x000000000001ffa9      0x21a ./Drivers/STM32F4xx_HAL_Driver/Src/stm32f4xx_hal.o
 .debug_macro   0x00000000000201c3      0x1c2 ./Drivers/STM32F4xx_HAL_Driver/Src/stm32f4xx_hal_can.o
 .debug_macro   0x0000000000020385      0x1ba ./Drivers/STM32F4xx_HAL_Driver/Src/stm32f4xx_hal_cortex.o
 .debug_macro   0x000000000002053f      0x1c0 ./Drivers/STM32F4xx_HAL_Driver/Src/stm32f4xx_hal_gpio.o
 .debug_macro   0x00000000000206ff      0x1de ./Drivers/STM32F4xx_HAL_Driver/Src/stm32f4xx_hal_rcc.o
 .debug_macro   0x00000000000208dd      0x1ba ./Drivers/STM32F4xx_HAL_Driver/Src/stm32f4xx_hal_rcc_ex.o

.debug_line     0x0000000000000000     0x70e4
 .debug_line    0x0000000000000000      0x6d6 ./Core/Src/it.o
 .debug_line    0x00000000000006d6      0xa0c ./Core/Src/main.o
 .debug_line    0x00000000000010e2      0x6b3 ./Core/Src/msp.o
 .debug_line    0x0000000000001795      0x70b ./Core/Src/system_stm32f4xx.o
 .debug_line    0x0000000000001ea0       0x88 ./Core/Startup/startup_stm32f446retx.o
 .debug_line    0x0000000000001f28      0x971 ./Drivers/STM32F4xx_HAL_Driver/Src/stm32f4xx_hal.o
 .debug_line    0x0000000000002899     0x10dd ./Drivers/STM32F4xx_HAL_Driver/Src/stm32f4xx_hal_can.o
 .debug_line    0x0000000000003976      0xc20 ./Drivers/STM32F4xx_HAL_Driver/Src/stm32f4xx_hal_cortex.o
 .debug_line    0x0000000000004596      0xad1 ./Drivers/STM32F4xx_HAL_Driver/Src/stm32f4xx_hal_gpio.o
 .debug_line    0x0000000000005067      0xcf9 ./Drivers/STM32F4xx_HAL_Driver/Src/stm32f4xx_hal_rcc.o
 .debug_line    0x0000000000005d60     0x1384 ./Drivers/STM32F4xx_HAL_Driver/Src/stm32f4xx_hal_rcc_ex.o

.debug_str      0x0000000000000000    0xc71fb
 .debug_str     0x0000000000000000    0xc23d3 ./Core/Src/it.o
                                      0xc268e (size before relaxing)
 .debug_str     0x00000000000c23d3     0x33f9 ./Core/Src/main.o
                                      0xc5a51 (size before relaxing)
 .debug_str     0x00000000000c57cc      0x5e3 ./Core/Src/msp.o
                                      0xc2d6f (size before relaxing)
 .debug_str     0x00000000000c5daf       0xc7 ./Core/Src/system_stm32f4xx.o
                                      0xc24d1 (size before relaxing)
 .debug_str     0x00000000000c5e76       0x36 ./Core/Startup/startup_stm32f446retx.o
                                         0x76 (size before relaxing)
 .debug_str     0x00000000000c5eac      0x5e7 ./Drivers/STM32F4xx_HAL_Driver/Src/stm32f4xx_hal.o
                                      0xc3096 (size before relaxing)
 .debug_str     0x00000000000c6493      0x357 ./Drivers/STM32F4xx_HAL_Driver/Src/stm32f4xx_hal_can.o
                                      0xc2b98 (size before relaxing)
 .debug_str     0x00000000000c67ea      0x33b ./Drivers/STM32F4xx_HAL_Driver/Src/stm32f4xx_hal_cortex.o
                                      0xc2da4 (size before relaxing)
 .debug_str     0x00000000000c6b25      0x16d ./Drivers/STM32F4xx_HAL_Driver/Src/stm32f4xx_hal_gpio.o
                                      0xc264c (size before relaxing)
 .debug_str     0x00000000000c6c92      0x24f ./Drivers/STM32F4xx_HAL_Driver/Src/stm32f4xx_hal_rcc.o
                                      0xc290a (size before relaxing)
 .debug_str     0x00000000000c6ee1      0x31a ./Drivers/STM32F4xx_HAL_Driver/Src/stm32f4xx_hal_rcc_ex.o
                                      0xc293d (size before relaxing)

.comment        0x0000000000000000       0x50
 .comment       0x0000000000000000       0x50 ./Core/Src/it.o
                                         0x51 (size before relaxing)
 .comment       0x0000000000000050       0x51 ./Core/Src/main.o
 .comment       0x0000000000000050       0x51 ./Core/Src/msp.o
 .comment       0x0000000000000050       0x51 ./Core/Src/system_stm32f4xx.o
 .comment       0x0000000000000050       0x51 ./Drivers/STM32F4xx_HAL_Driver/Src/stm32f4xx_hal.o
 .comment       0x0000000000000050       0x51 ./Drivers/STM32F4xx_HAL_Driver/Src/stm32f4xx_hal_can.o
 .comment       0x0000000000000050       0x51 ./Drivers/STM32F4xx_HAL_Driver/Src/stm32f4xx_hal_cortex.o
 .comment       0x0000000000000050       0x51 ./Drivers/STM32F4xx_HAL_Driver/Src/stm32f4xx_hal_gpio.o
 .comment       0x0000000000000050       0x51 ./Drivers/STM32F4xx_HAL_Driver/Src/stm32f4xx_hal_rcc.o
 .comment       0x0000000000000050       0x51 ./Drivers/STM32F4xx_HAL_Driver/Src/stm32f4xx_hal_rcc_ex.o

.debug_frame    0x0000000000000000     0x167c
 .debug_frame   0x0000000000000000       0x9c ./Core/Src/it.o
 .debug_frame   0x000000000000009c      0x1d8 ./Core/Src/main.o
 .debug_frame   0x0000000000000274       0x50 ./Core/Src/msp.o
 .debug_frame   0x00000000000002c4       0x58 ./Core/Src/system_stm32f4xx.o
 .debug_frame   0x000000000000031c      0x374 ./Drivers/STM32F4xx_HAL_Driver/Src/stm32f4xx_hal.o
 .debug_frame   0x0000000000000690      0x5a0 ./Drivers/STM32F4xx_HAL_Driver/Src/stm32f4xx_hal_can.o
 .debug_frame   0x0000000000000c30      0x498 ./Drivers/STM32F4xx_HAL_Driver/Src/stm32f4xx_hal_cortex.o
 .debug_frame   0x00000000000010c8      0x14c ./Drivers/STM32F4xx_HAL_Driver/Src/stm32f4xx_hal_gpio.o
 .debug_frame   0x0000000000001214      0x1f4 ./Drivers/STM32F4xx_HAL_Driver/Src/stm32f4xx_hal_rcc.o
 .debug_frame   0x0000000000001408      0x1e8 ./Drivers/STM32F4xx_HAL_Driver/Src/stm32f4xx_hal_rcc_ex.o
 .debug_frame   0x00000000000015f0       0x2c c:/st/stm32cubeide_1.10.1/stm32cubeide/plugins/com.st.stm32cube.ide.mcu.externaltools.gnu-tools-for-stm32.10.3-2021.10.win32_1.0.0.202111181127/tools/bin/../lib/gcc/arm-none-eabi/10.3.1/../../../../arm-none-eabi/lib/thumb/v7e-m+fp/hard\libc_nano.a(lib_a-init.o)
 .debug_frame   0x000000000000161c       0x2c c:/st/stm32cubeide_1.10.1/stm32cubeide/plugins/com.st.stm32cube.ide.mcu.externaltools.gnu-tools-for-stm32.10.3-2021.10.win32_1.0.0.202111181127/tools/bin/../lib/gcc/arm-none-eabi/10.3.1/thumb/v7e-m+fp/hard\libgcc.a(_aeabi_uldivmod.o)
 .debug_frame   0x0000000000001648       0x34 c:/st/stm32cubeide_1.10.1/stm32cubeide/plugins/com.st.stm32cube.ide.mcu.externaltools.gnu-tools-for-stm32.10.3-2021.10.win32_1.0.0.202111181127/tools/bin/../lib/gcc/arm-none-eabi/10.3.1/thumb/v7e-m+fp/hard\libgcc.a(_udivmoddi4.o)
