20:44:08 **** Incremental Build of configuration Debug for project 01_UART2_Example ****
make -j8 all 
arm-none-eabi-gcc "../Core/Src/it.c" -mcpu=cortex-m4 -std=gnu11 -g3 -DDEBUG -DUSE_HAL_DRIVER -DSTM32F401xE -c -I../Core/Inc -I../Drivers/STM32F4xx_HAL_Driver/Inc -I../Drivers/STM32F4xx_HAL_Driver/Inc/Legacy -I../Drivers/CMSIS/Device/ST/STM32F4xx/Include -I../Drivers/CMSIS/Include -O0 -ffunction-sections -fdata-sections -Wall -fstack-usage -MMD -MP -MF"Core/Src/it.d" -MT"Core/Src/it.o" --specs=nano.specs -mfpu=fpv4-sp-d16 -mfloat-abi=hard -mthumb -o "Core/Src/it.o"
arm-none-eabi-gcc -o "01_UART2_Example.elf" @"objects.list"   -mcpu=cortex-m4 -T"C:\Embedded Driver Development\MCU2\01_UART2_Example\STM32F401RETX_FLASH.ld" --specs=nosys.specs -Wl,-Map="01_UART2_Example.map" -Wl,--gc-sections -static --specs=nano.specs -mfpu=fpv4-sp-d16 -mfloat-abi=hard -mthumb -Wl,--start-group -lc -lm -Wl,--end-group
Finished building target: 01_UART2_Example.elf
 
arm-none-eabi-size   01_UART2_Example.elf 
arm-none-eabi-objdump -h -S  01_UART2_Example.elf  > "01_UART2_Example.list"
   text	   data	    bss	    dec	    hex	filename
   5984	     24	   1640	   7648	   1de0	01_UART2_Example.elf
Finished building: default.size.stdout
 
Finished building: 01_UART2_Example.list
 

20:44:09 Build Finished. 0 errors, 0 warnings. (took 746ms)

