20:46:48 **** Incremental Build of configuration Debug for project 03_HSE_SYSCLK_8Mhz ****
make -j8 all 
arm-none-eabi-gcc -o "03_HSE_SYSCLK_8Mhz.elf" @"objects.list"   -mcpu=cortex-m4 -T"C:\Embedded Driver Development\MCU2\03_HSE_SYSCLK_8Mhz\STM32F401RETX_FLASH.ld" --specs=nosys.specs -Wl,-Map="03_HSE_SYSCLK_8Mhz.map" -Wl,--gc-sections -static -u_printf_float --specs=nano.specs -mfpu=fpv4-sp-d16 -mfloat-abi=hard -mthumb -Wl,--start-group -lc -lm -Wl,--end-group
Finished building target: 03_HSE_SYSCLK_8Mhz.elf
 
arm-none-eabi-size   03_HSE_SYSCLK_8Mhz.elf 
arm-none-eabi-objdump -h -S  03_HSE_SYSCLK_8Mhz.elf  > "03_HSE_SYSCLK_8Mhz.list"
   text	   data	    bss	    dec	    hex	filename
  26344	    484	   1660	  28488	   6f48	03_HSE_SYSCLK_8Mhz.elf
Finished building: default.size.stdout
 
Finished building: 03_HSE_SYSCLK_8Mhz.list
 

20:46:49 Build Finished. 0 errors, 0 warnings. (took 615ms)

