15:44:36 **** Build of configuration Debug for project 04_PLL_SYSCLK_HSE ****
make -j8 all 
arm-none-eabi-gcc "../Core/Src/main.c" -mcpu=cortex-m4 -std=gnu11 -g3 -DDEBUG -DUSE_HAL_DRIVER -DSTM32F401xE -c -I../Core/Inc -I../Drivers/STM32F4xx_HAL_Driver/Inc -I../Drivers/STM32F4xx_HAL_Driver/Inc/Legacy -I../Drivers/CMSIS/Device/ST/STM32F4xx/Include -I../Drivers/CMSIS/Include -O0 -ffunction-sections -fdata-sections -Wall -fstack-usage -MMD -MP -MF"Core/Src/main.d" -MT"Core/Src/main.o" --specs=nano.specs -mfpu=fpv4-sp-d16 -mfloat-abi=hard -mthumb -o "Core/Src/main.o"
../Core/Src/main.c: In function 'main':
../Core/Src/main.c:28:5: warning: implicit declaration of function 'sprintf' [-Wimplicit-function-declaration]
   28 |     sprintf(msg,"SYSCLK : %ldHz\r\n",HAL_RCC_GetSysClockFreq());
      |     ^~~~~~~
../Core/Src/main.c:28:5: warning: incompatible implicit declaration of built-in function 'sprintf'
../Core/Src/main.c:10:1: note: include '<stdio.h>' or provide a declaration of 'sprintf'
    9 | #include"main.h"
  +++ |+#include <stdio.h>
   10 | 
arm-none-eabi-gcc -o "04_PLL_SYSCLK_HSE.elf" @"objects.list"   -mcpu=cortex-m4 -T"C:\Embedded Driver Development\MCU2\04_PLL_SYSCLK_HSE\STM32F401RETX_FLASH.ld" --specs=nosys.specs -Wl,-Map="04_PLL_SYSCLK_HSE.map" -Wl,--gc-sections -static --specs=nano.specs -mfpu=fpv4-sp-d16 -mfloat-abi=hard -mthumb -Wl,--start-group -lc -lm -Wl,--end-group
Finished building target: 04_PLL_SYSCLK_HSE.elf
 
arm-none-eabi-size   04_PLL_SYSCLK_HSE.elf 
arm-none-eabi-objdump -h -S  04_PLL_SYSCLK_HSE.elf  > "04_PLL_SYSCLK_HSE.list"
   text	   data	    bss	    dec	    hex	filename
  13488	    120	   1656	  15264	   3ba0	04_PLL_SYSCLK_HSE.elf
Finished building: default.size.stdout
 
Finished building: 04_PLL_SYSCLK_HSE.list
 

15:44:36 Build Finished. 0 errors, 2 warnings. (took 666ms)

