20:54:48 **** Incremental Build of configuration Debug for project 05_PLL_SYSCLK_HSE ****
make -j8 all 
arm-none-eabi-gcc "../Core/Src/main.c" -mcpu=cortex-m4 -std=gnu11 -g3 -DDEBUG -DUSE_HAL_DRIVER -DSTM32F401xE -c -I../Core/Inc -I../Drivers/STM32F4xx_HAL_Driver/Inc -I../Drivers/STM32F4xx_HAL_Driver/Inc/Legacy -I../Drivers/CMSIS/Device/ST/STM32F4xx/Include -I../Drivers/CMSIS/Include -O0 -ffunction-sections -fdata-sections -Wall -fstack-usage -MMD -MP -MF"Core/Src/main.d" -MT"Core/Src/main.o" --specs=nano.specs -mfpu=fpv4-sp-d16 -mfloat-abi=hard -mthumb -o "Core/Src/main.o"
arm-none-eabi-gcc -o "05_PLL_SYSCLK_HSE.elf" @"objects.list"   -mcpu=cortex-m4 -T"C:\Embedded Driver Development\MCU2\05_PLL_SYSCLK_HSE\STM32F401RETX_FLASH.ld" --specs=nosys.specs -Wl,-Map="05_PLL_SYSCLK_HSE.map" -Wl,--gc-sections -static -u_printf_float --specs=nano.specs -mfpu=fpv4-sp-d16 -mfloat-abi=hard -mthumb -Wl,--start-group -lc -lm -Wl,--end-group
Finished building target: 05_PLL_SYSCLK_HSE.elf
 
arm-none-eabi-size   05_PLL_SYSCLK_HSE.elf 
arm-none-eabi-objdump -h -S  05_PLL_SYSCLK_HSE.elf  > "05_PLL_SYSCLK_HSE.list"
   text	   data	    bss	    dec	    hex	filename
  26632	    484	   1660	  28776	   7068	05_PLL_SYSCLK_HSE.elf
Finished building: default.size.stdout
 
Finished building: 05_PLL_SYSCLK_HSE.list
 

20:54:49 Build Finished. 0 errors, 0 warnings. (took 807ms)

