18:23:01 **** Incremental Build of configuration Debug for project 10_TIMER_OUTPUT_CAPTURE_1 ****
make -j8 all 
arm-none-eabi-gcc "../Core/Src/msp.c" -mcpu=cortex-m4 -std=gnu11 -g3 -DDEBUG -DUSE_HAL_DRIVER -DSTM32F401xE -c -I../Core/Inc -I../Drivers/STM32F4xx_HAL_Driver/Inc -I../Drivers/STM32F4xx_HAL_Driver/Inc/Legacy -I../Drivers/CMSIS/Device/ST/STM32F4xx/Include -I../Drivers/CMSIS/Include -O0 -ffunction-sections -fdata-sections -Wall -fstack-usage -MMD -MP -MF"Core/Src/msp.d" -MT"Core/Src/msp.o" --specs=nano.specs -mfpu=fpv4-sp-d16 -mfloat-abi=hard -mthumb -o "Core/Src/msp.o"
arm-none-eabi-gcc -o "10_TIMER_OUTPUT_CAPTURE_1.elf" @"objects.list"   -mcpu=cortex-m4 -T"C:\Embedded Driver Development\MCU2\10_TIMER_OUTPUT_CAPTURE_1\STM32F401RETX_FLASH.ld" --specs=nosys.specs -Wl,-Map="10_TIMER_OUTPUT_CAPTURE_1.map" -Wl,--gc-sections -static --specs=nano.specs -mfpu=fpv4-sp-d16 -mfloat-abi=hard -mthumb -Wl,--start-group -lc -lm -Wl,--end-group
Finished building target: 10_TIMER_OUTPUT_CAPTURE_1.elf
 
arm-none-eabi-size   10_TIMER_OUTPUT_CAPTURE_1.elf 
arm-none-eabi-objdump -h -S  10_TIMER_OUTPUT_CAPTURE_1.elf  > "10_TIMER_OUTPUT_CAPTURE_1.list"
   text	   data	    bss	    dec	    hex	filename
  11008	     36	   1716	  12760	   31d8	10_TIMER_OUTPUT_CAPTURE_1.elf
Finished building: default.size.stdout
 
Finished building: 10_TIMER_OUTPUT_CAPTURE_1.list
 

18:23:02 Build Finished. 0 errors, 0 warnings. (took 796ms)

