22:05:44 **** Build of configuration Debug for project 12_TIMER_PWM_LED ****
make -j8 all 
arm-none-eabi-gcc "../Core/Src/main.c" -mcpu=cortex-m4 -std=gnu11 -g3 -DDEBUG -DUSE_HAL_DRIVER -DSTM32F401xE -c -I../Core/Inc -I../Drivers/STM32F4xx_HAL_Driver/Inc -I../Drivers/STM32F4xx_HAL_Driver/Inc/Legacy -I../Drivers/CMSIS/Device/ST/STM32F4xx/Include -I../Drivers/CMSIS/Include -O0 -ffunction-sections -fdata-sections -Wall -fstack-usage -MMD -MP -MF"Core/Src/main.d" -MT"Core/Src/main.o" --specs=nano.specs -mfpu=fpv4-sp-d16 -mfloat-abi=hard -mthumb -o "Core/Src/main.o"
arm-none-eabi-gcc "../Core/Src/msp.c" -mcpu=cortex-m4 -std=gnu11 -g3 -DDEBUG -DUSE_HAL_DRIVER -DSTM32F401xE -c -I../Core/Inc -I../Drivers/STM32F4xx_HAL_Driver/Inc -I../Drivers/STM32F4xx_HAL_Driver/Inc/Legacy -I../Drivers/CMSIS/Device/ST/STM32F4xx/Include -I../Drivers/CMSIS/Include -O0 -ffunction-sections -fdata-sections -Wall -fstack-usage -MMD -MP -MF"Core/Src/msp.d" -MT"Core/Src/msp.o" --specs=nano.specs -mfpu=fpv4-sp-d16 -mfloat-abi=hard -mthumb -o "Core/Src/msp.o"
arm-none-eabi-gcc -o "12_TIMER_PWM_LED.elf" @"objects.list"   -mcpu=cortex-m4 -T"C:\Embedded Driver Development\MCU2\12_TIMER_PWM_LED\STM32F401RETX_FLASH.ld" --specs=nosys.specs -Wl,-Map="12_TIMER_PWM_LED.map" -Wl,--gc-sections -static --specs=nano.specs -mfpu=fpv4-sp-d16 -mfloat-abi=hard -mthumb -Wl,--start-group -lc -lm -Wl,--end-group
Finished building target: 12_TIMER_PWM_LED.elf
 
arm-none-eabi-size   12_TIMER_PWM_LED.elf 
arm-none-eabi-objdump -h -S  12_TIMER_PWM_LED.elf  > "12_TIMER_PWM_LED.list"
   text	   data	    bss	    dec	    hex	filename
  10708	     20	   1708	  12436	   3094	12_TIMER_PWM_LED.elf
Finished building: default.size.stdout
 
Finished building: 12_TIMER_PWM_LED.list
 

22:05:45 Build Finished. 0 errors, 0 warnings. (took 1s.198ms)

